// Jest Snapshot v1, https://goo.gl/fbAQLP

exports[`tonal Modules exports functions 1`] = `
{
  "AbcNotation": [
    "abcToScientificNotation",
    "distance",
    "scientificToAbcNotation",
    "tokenize",
    "transpose",
  ],
  "Array": [
    "compact",
    "permutations",
    "range",
    "rotate",
    "shuffle",
    "sortedNoteNames",
    "sortedUniqNoteNames",
  ],
  "Chord": [
    "chord",
    "chordScales",
    "degrees",
    "detect",
    "extended",
    "get",
    "getChord",
    "reduced",
    "steps",
    "tokenize",
    "transpose",
  ],
  "ChordDictionary": [
    "add",
    "all",
    "chordType",
    "entries",
    "get",
    "keys",
    "names",
    "removeAll",
    "symbols",
  ],
  "ChordType": [
    "add",
    "all",
    "chordType",
    "entries",
    "get",
    "keys",
    "names",
    "removeAll",
    "symbols",
  ],
  "Collection": [
    "compact",
    "permutations",
    "range",
    "rotate",
    "shuffle",
  ],
  "Core": [
    "accToAlt",
    "altToAcc",
    "chroma",
    "coordToInterval",
    "coordToNote",
    "coordinates",
    "deprecate",
    "distance",
    "fillStr",
    "height",
    "interval",
    "isNamed",
    "isNamedPitch",
    "isPitch",
    "midi",
    "note",
    "pitch",
    "stepToLetter",
    "tokenizeInterval",
    "tokenizeNote",
    "tonicIntervalsTransposer",
    "transpose",
  ],
  "DurationValue": [
    "fraction",
    "get",
    "names",
    "shorthands",
    "value",
  ],
  "Interval": [
    "add",
    "addTo",
    "distance",
    "fromSemitones",
    "get",
    "invert",
    "name",
    "names",
    "num",
    "quality",
    "semitones",
    "simplify",
    "substract",
    "transposeFifths",
  ],
  "Key": [
    "majorKey",
    "majorTonicFromKeySignature",
    "minorKey",
  ],
  "Midi": [
    "chroma",
    "freqToMidi",
    "isMidi",
    "midiToFreq",
    "midiToNoteName",
    "pcset",
    "pcsetDegrees",
    "pcsetNearest",
    "pcsetSteps",
    "toMidi",
  ],
  "Mode": [
    "all",
    "distance",
    "entries",
    "get",
    "mode",
    "names",
    "notes",
    "relativeTonic",
    "seventhChords",
    "triads",
  ],
  "Note": [
    "accidentals",
    "ascending",
    "chroma",
    "descending",
    "enharmonic",
    "freq",
    "fromFreq",
    "fromFreqSharps",
    "fromMidi",
    "fromMidiSharps",
    "get",
    "midi",
    "name",
    "names",
    "octave",
    "pitchClass",
    "simplify",
    "sortedNames",
    "sortedUniqNames",
    "tr",
    "trBy",
    "trFifths",
    "trFrom",
    "transpose",
    "transposeBy",
    "transposeFifths",
    "transposeFrom",
    "transposeOctaves",
  ],
  "PcSet": [
    "chroma",
    "chromas",
    "filter",
    "get",
    "intervals",
    "isEqual",
    "isNoteIncludedIn",
    "isSubsetOf",
    "isSupersetOf",
    "modes",
    "num",
    "pcset",
  ],
  "Pcset": [
    "chroma",
    "chromas",
    "filter",
    "get",
    "intervals",
    "isEqual",
    "isNoteIncludedIn",
    "isSubsetOf",
    "isSupersetOf",
    "modes",
    "num",
    "pcset",
  ],
  "Progression": [
    "fromRomanNumerals",
    "toRomanNumerals",
  ],
  "Range": [
    "chromatic",
    "numeric",
  ],
  "RomanNumeral": [
    "get",
    "names",
    "romanNumeral",
  ],
  "Scale": [
    "degrees",
    "detect",
    "extended",
    "get",
    "modeNames",
    "names",
    "rangeOf",
    "reduced",
    "scale",
    "scaleChords",
    "scaleNotes",
    "steps",
    "tokenize",
  ],
  "ScaleDictionary": [
    "add",
    "all",
    "entries",
    "get",
    "keys",
    "names",
    "removeAll",
    "scaleType",
  ],
  "ScaleType": [
    "add",
    "all",
    "entries",
    "get",
    "keys",
    "names",
    "removeAll",
    "scaleType",
  ],
  "TimeSignature": [
    "get",
    "names",
    "parse",
  ],
  "Tonal": [
    "accToAlt",
    "altToAcc",
    "chroma",
    "coordToInterval",
    "coordToNote",
    "coordinates",
    "deprecate",
    "distance",
    "fillStr",
    "height",
    "interval",
    "isNamed",
    "isNamedPitch",
    "isPitch",
    "midi",
    "note",
    "pitch",
    "stepToLetter",
    "tokenizeInterval",
    "tokenizeNote",
    "tonicIntervalsTransposer",
    "transpose",
  ],
  "VoiceLeading": [
    "topNoteDiff",
  ],
  "Voicing": [
    "get",
    "search",
    "sequence",
  ],
  "VoicingDictionary": [
    "all",
    "defaultDictionary",
    "lefthand",
    "lookup",
    "triads",
  ],
}
`;

exports[`tonal exported modules and functions 1`] = `
[
  "AbcNotation",
  "Array",
  "Chord",
  "ChordDictionary",
  "ChordType",
  "Collection",
  "Core",
  "DurationValue",
  "Interval",
  "Key",
  "Midi",
  "Mode",
  "Note",
  "PcSet",
  "Pcset",
  "Progression",
  "Range",
  "RomanNumeral",
  "Scale",
  "ScaleDictionary",
  "ScaleType",
  "TimeSignature",
  "Tonal",
  "VoiceLeading",
  "Voicing",
  "VoicingDictionary",
  "accToAlt",
  "altToAcc",
  "chroma",
  "coordToInterval",
  "coordToNote",
  "coordinates",
  "deprecate",
  "distance",
  "fillStr",
  "height",
  "interval",
  "isNamed",
  "isNamedPitch",
  "isPitch",
  "midi",
  "note",
  "pitch",
  "stepToLetter",
  "tokenizeInterval",
  "tokenizeNote",
  "tonicIntervalsTransposer",
  "transpose",
]
`;
